201	C,C,C,C,C,C,C,C,C,C,C
202	A,A,A,A,A,A,A,A,A,A,A
203	G,C,C,C,C,C,C,C,C,C,C
204	C,C,C,C,C,T,C,C,C,C,C
205	A,G,G,G,A,G,A,A,A,A,A
206	C,A,A,A,A,A,A,A,A,C,A
207	C,C,C,C,C,C,C,C,C,C,C
208	T,T,T,T,T,T,G,G,T,T,T
209	G,G,G,G,G,G,G,G,G,G,G
210	A,A,A,A,A,A,A,A,A,A,A
211	G,G,G,G,G,G,G,G,G,G,G
212	C,C,C,C,C,G,C,C,A,A,C
213	A,A,A,A,A,A,A,A,A,A,A
214	A,A,G,G,A,A,A,A,C,A,A
215	A,A,A,A,A,A,A,A,A,A,A
216	G,G,G,G,G,C,G,G,G,G,C
217	C,G,G,G,G,C,C,C,C,C,C
218	C,C,C,C,C,C,C,C,A,C,C
219	A,C,C,C,C,C,C,C,C,C,C
220	T,T,T,T,T,C,C,C,T,T,T
221	G,G,G,G,G,G,G,A,G,G,G
222	T,G,G,G,G,G,G,C,G,T,T
223	G,G,G,G,G,G,G,A,G,G,G
224	G,G,G,G,G,G,G,G,G,G,G
225	T,T,T,T,T,T,T,T,T,T,T
226	C,G,G,G,G,G,C,C,C,C,C
227	C,C,C,C,C,C,C,C,C,C,C
228	A,A,A,A,A,A,A,A,A,A,G
229	G,G,G,G,G,G,G,G,G,G,G
230	G,G,G,G,G,G,G,G,G,G,C
231	A,A,A,A,A,A,A,A,A,A,A
232	T,G,G,G,G,C,T,C,C,T,G
233	T,T,T,T,T,T,T,T,T,T,T
234	G,G,G,G,G,G,G,G,G,G,G
235	C,C,C,C,C,C,C,C,C,C,C
236	T,T,T,T,T,T,T,T,T,T,T
237	A,A,A,A,A,A,A,A,A,A,A
238	C,C,C,C,C,C,C,C,C,C,C
239	C,C,C,C,C,T,C,C,C,C,C
240	A,A,A,A,A,A,A,A,G,A,A
241	T,T,C,C,C,C,T,T,A,T,T
242	G,G,G,G,G,C,G,G,G,G,G
243	G,G,G,G,G,A,G,G,G,G,G
244	T,T,T,T,A,T,T,T,T,T,T
245	G,A,A,A,A,T,G,G,G,G,A
246	A,A,A,A,A,A,A,A,A,A,A
247	T,T,T,T,T,T,T,T,T,T,T
248	G,G,G,G,G,G,G,G,G,G,G
249	G,G,G,G,G,G,G,G,G,G,G
250	A,A,A,A,A,A,A,A,A,A,C
251	C,C,C,C,C,C,C,C,C,C,C
252	A,A,A,A,A,A,A,A,A,G,A
253	G,G,G,G,G,G,G,G,G,G,G
254	A,A,A,A,A,A,A,A,A,A,A
255	G,G,G,G,G,G,G,G,G,G,G
256	T,T,T,T,T,T,T,T,T,T,T
257	T,T,T,T,T,T,T,T,T,T,T
258	A,A,A,A,A,A,A,A,A,A,A
259	T,T,T,T,T,C,T,T,T,T,T
260	C,C,C,C,C,C,C,C,C,C,C
261	G,G,G,G,A,G,G,G,G,G,G
262	A,A,A,A,A,A,A,A,A,A,A
263	G,G,G,G,G,G,G,G,G,G,G
264	G,G,G,G,G,G,G,G,G,G,G
265	C,C,C,C,C,C,C,C,C,C,C
266	A,A,A,A,A,A,T,T,A,A,A
267	C,C,C,C,C,C,C,C,C,T,C
268	G,A,A,A,A,A,A,A,A,A,A
269	T,T,T,T,T,T,T,T,C,T,T
270	A,A,A,A,A,A,T,T,T,C,T
271	C,C,C,C,C,C,C,C,C,C,C
272	T,T,T,T,T,T,T,T,T,T,T
273	C,C,C,C,T,C,C,C,C,C,C
274	C,C,C,C,C,C,T,C,C,C,C
275	A,A,A,A,A,A,A,A,A,A,A
276	C,C,C,C,T,C,C,C,C,C,C
277	C,C,C,C,T,C,C,C,C,C,C
278	A,A,A,A,A,A,A,A,A,A,A
279	C,C,C,C,C,C,C,C,C,C,C
280	T,T,T,T,T,T,T,T,T,T,T
281	G,G,G,G,G,G,G,G,A,G,G
282	T,T,T,T,T,T,T,T,T,T,T
283	C,C,C,C,C,C,C,T,C,C,C
284	A,A,A,A,A,A,A,A,A,A,A
285	C,C,C,C,C,C,C,C,C,C,C
286	A,A,T,T,A,A,A,A,A,A,A
287	G,G,G,G,G,G,G,G,G,G,G
288	G,G,G,G,G,G,G,G,G,G,G
289	A,A,A,A,A,A,A,A,A,A,A
290	A,A,A,A,A,A,A,A,A,A,A
291	G,G,G,G,G,G,G,G,G,G,G
292	G,A,A,A,A,A,G,G,A,G,G
293	A,A,A,A,A,A,A,A,A,A,A
294	C,C,C,C,C,C,C,C,C,C,C
295	C,C,C,C,C,T,A,A,A,C,A
296	T,T,T,T,T,T,T,T,T,T,T
297	G,G,G,G,G,G,G,G,G,G,G
298	C,C,C,C,C,C,T,T,T,T,T
299	C,C,C,C,C,C,C,C,C,C,C
300	A,A,A,A,A,A,A,A,A,A,A
301	A,A,A,A,A,A,G,G,G,A,A
302	G,G,G,G,G,G,T,T,T,T,T
303	C,C,C,C,C,C,C,C,C,C,C
304	T,T,T,T,T,T,T,T,T,T,T
305	T,T,T,T,T,T,T,T,T,T,T
306	G,G,G,G,G,G,G,G,G,G,G
307	G,G,G,G,G,G,G,G,G,G,G
308	T,T,T,T,T,T,T,T,T,T,T
309	C,C,C,C,C,C,C,C,C,C,C
310	A,A,A,A,A,A,C,C,G,A,A
311	T,T,T,T,T,T,T,T,T,T,T
312	C,C,C,C,C,C,C,C,C,C,C
313	T,T,T,T,T,T,T,T,T,T,C
314	A,A,A,A,A,A,A,A,A,A,A
315	T,T,T,T,T,T,T,T,T,T,T
316	G,G,G,G,G,G,G,G,G,G,G
317	A,A,A,A,A,A,A,A,A,A,A
318	C,C,C,C,C,C,C,C,C,T,C
319	A,A,A,A,A,A,A,A,A,A,A
320	C,C,C,C,C,C,C,C,C,C,C
321	C,C,C,C,C,C,C,C,C,C,C
322	A,A,A,A,A,A,A,A,A,A,A
323	C,C,C,C,C,C,C,C,C,C,C
324	A,A,A,A,A,A,A,A,A,A,A
325	T,C,C,C,C,C,C,C,T,C,C
326	C,T,T,T,T,C,T,T,T,T,C
327	A,C,C,C,C,A,G,G,G,G,G
328	A,G,G,G,G,G,G,G,G,G,G
329	C,C,C,C,C,C,C,C,C,C,C
330	A,A,A,A,A,A,A,A,A,A,A
331	T,T,T,T,T,T,T,T,T,T,T
332	A,A,A,A,A,A,C,C,C,C,C
333	A,G,G,G,G,G,A,A,G,A,A
334	T,T,T,T,T,T,G,G,G,G,G
335	A,C,C,C,C,C,A,A,A,A,A
336	G,G,G,G,G,G,G,G,G,G,G
337	G,G,G,G,G,G,G,A,G,G,G
338	A,A,A,A,A,A,A,A,A,A,A
339	C,C,C,C,C,C,C,C,T,C,C
340	C,C,C,C,C,C,A,C,C,C,C
341	A,C,C,C,C,C,A,A,C,C,C
342	C,C,C,C,C,C,C,C,C,C,C
343	A,A,A,A,A,A,A,A,A,A,A
344	G,G,G,G,G,G,G,G,T,G,G
345	A,A,A,A,A,A,A,A,T,A,A
346	A,A,A,A,A,A,A,A,A,A,A
347	A,T,T,T,T,A,T,T,T,A,A
348	A,A,A,A,A,A,A,A,A,A,A
349	C,C,C,C,C,C,T,C,C,C,C
350	T,T,T,T,T,T,T,T,T,T,T
351	A,A,A,A,A,A,A,A,A,A,A
352	C,C,C,C,C,C,T,C,T,C,C
353	C,C,C,C,C,C,C,C,C,C,C
354	C,C,C,C,C,C,C,C,C,C,C
355	A,A,A,A,A,A,A,A,A,A,A
356	A,A,A,A,A,A,A,A,A,A,A
357	A,A,A,A,A,A,A,A,A,A,A
358	T,T,T,T,T,T,T,T,T,T,T
359	G,G,G,G,G,G,G,G,G,G,G
360	C,C,C,C,C,C,G,C,C,C,A
761	T,T,T,T,T,T,T,T,T,T,T
762	G,G,G,G,G,G,G,G,G,G,G
763	G,G,G,G,G,G,G,G,G,G,G
764	C,C,C,C,C,C,C,C,C,C,C
765	T,T,T,T,T,C,C,C,C,C,C
766	T,T,T,T,T,T,T,T,T,T,T
767	G,G,G,G,G,G,G,G,G,G,G
768	A,A,A,A,A,A,A,A,A,A,A
769	T,T,T,T,T,C,C,C,C,C,C
770	C,C,C,C,C,C,C,C,C,C,A
771	A,A,A,A,A,A,A,A,A,G,A
772	T,T,T,T,A,G,G,G,G,A,T
773	G,G,G,G,G,G,G,G,G,G,G
774	A,A,A,A,A,A,A,A,A,A,A
775	A,A,A,A,A,A,A,A,A,A,A
776	C,C,C,C,C,C,C,C,C,C,C
777	T,T,T,T,T,T,T,T,T,T,T
778	A,A,A,A,A,A,A,A,A,A,A
779	C,C,C,C,C,C,C,C,C,C,C
780	T,T,T,T,T,T,T,T,T,T,T
781	G,G,G,G,G,G,G,G,G,G,G
782	C,C,C,C,C,C,C,C,C,C,C
783	A,A,A,A,C,A,A,A,A,A,A
784	G,G,G,G,G,G,G,G,G,G,G
785	G,G,G,G,A,G,G,G,G,G,G
786	A,A,A,A,A,A,A,A,A,A,A
787	A,A,A,A,A,A,A,A,A,A,A
788	T,T,T,T,T,T,T,T,T,T,T
789	C,C,C,C,C,C,C,C,C,C,C
790	C,C,C,C,C,C,C,C,C,C,C
791	A,A,A,A,A,A,A,A,A,A,A
792	G,G,G,G,G,G,G,G,G,G,G
793	A,A,A,A,A,A,A,A,A,A,A
794	T,T,T,T,T,T,T,T,T,T,T
795	G,G,G,C,C,G,G,G,G,T,G
796	C,C,C,C,C,C,C,C,C,C,C
797	T,T,T,T,T,T,T,T,T,T,C
798	G,G,G,G,G,G,G,G,G,G,G
799	T,T,T,T,T,A,A,A,A,G,A
800	G,G,G,G,G,G,G,G,G,G,T
801	G,G,G,G,G,A,A,A,A,A,A
802	C,C,C,C,C,T,T,T,T,A,C
803	A,A,A,A,A,T,T,T,T,A,A
804	G,G,G,G,G,C,A,C,C,C,G
805	C,C,C,C,C,G,G,G,G,A,G
806	T,T,T,C,C,C,T,C,C,A,C
807	C,C,C,C,C,C,C,C,C,C,C
808	C,C,C,C,C,C,C,C,C,C,C
809	T,T,T,T,T,T,T,T,T,C,T
810	T,T,T,T,T,T,T,T,T,T,T
811	A,A,A,A,G,G,G,G,G,G,G
812	T,T,T,T,G,G,G,G,G,G,G
813	T,T,T,T,T,T,T,T,T,T,T
814	G,G,G,G,G,G,G,G,G,G,G
815	T,T,T,T,T,T,T,T,T,T,T
816	T,T,T,T,T,T,T,T,T,T,T
817	A,A,A,A,A,A,A,A,A,A,T
818	T,T,T,T,T,C,T,T,C,C,T
819	A,A,A,A,A,A,A,A,A,A,A
820	C,C,C,C,C,C,C,C,C,C,C
821	G,G,G,G,A,C,C,C,C,A,C
822	A,A,A,A,A,A,A,A,A,A,A
823	G,G,G,G,C,T,T,T,T,C,T
824	G,G,G,G,G,G,G,G,G,C,G
825	G,G,G,G,G,G,G,G,G,G,G
826	A,A,A,A,A,A,A,A,A,A,A
827	T,T,T,T,T,T,T,T,T,T,C
828	C,C,C,C,C,C,C,C,C,C,C
829	C,C,C,C,C,C,C,C,C,C,C
830	C,C,C,C,C,C,C,C,C,G,C
831	G,G,G,A,A,A,A,A,A,T,A
832	G,G,G,G,G,G,A,G,G,G,G
833	T,T,T,T,T,T,T,T,T,T,C
834	G,G,G,G,G,G,G,G,G,G,A
835	T,T,T,T,T,T,T,T,T,T,T
836	C,C,C,C,C,C,C,C,C,G,C
837	A,A,A,A,A,A,A,A,A,A,A
838	G,G,G,G,G,G,G,G,G,G,G
839	G,G,G,G,G,G,A,A,G,G,G
840	T,T,T,T,T,T,T,T,T,T,T
841	G,G,G,G,G,G,G,G,G,G,G
842	G,G,G,G,G,G,G,G,G,G,G
843	G,G,G,G,G,G,G,G,G,G,G
844	A,A,A,A,A,A,A,A,A,A,A
845	G,G,G,G,G,G,G,G,G,G,G
846	T,T,T,T,T,T,T,T,T,T,T
847	A,A,A,A,A,A,A,A,A,A,A
848	C,C,C,C,C,C,C,C,C,C,C
849	T,T,T,T,T,T,T,T,T,T,T
850	G,G,G,G,G,G,G,G,G,G,G
851	C,C,C,C,C,C,C,C,C,C,C
852	A,A,A,A,A,A,A,A,A,A,A
853	A,A,A,A,A,A,A,A,A,A,A
854	C,C,C,C,C,C,C,C,C,T,C
855	C,C,C,C,C,C,C,C,C,C,C
856	T,T,T,T,T,T,T,T,T,T,T
857	G,G,G,G,G,G,G,G,G,G,G
858	A,A,A,A,A,A,A,A,A,A,A
859	C,C,C,C,C,C,C,C,C,C,C
860	G,G,G,A,A,A,A,G,A,A,G
861	C,C,C,C,C,C,C,C,C,C,C
862	A,A,A,A,G,A,A,A,G,A,G
863	A,A,A,A,A,A,A,A,A,A,A
864	T,T,T,T,T,T,T,T,T,T,T
865	G,G,G,G,G,G,G,G,G,G,G
866	C,C,C,C,C,C,T,T,T,C,C
867	T,T,T,T,T,C,C,C,C,T,T
868	C,C,C,C,C,T,C,C,C,C,C
869	A,A,A,A,A,G,A,A,A,A,A
870	G,G,G,G,G,G,G,G,G,G,G
871	A,A,A,A,A,T,T,T,T,A,A
872	C,C,C,A,T,G,G,G,G,A,C
873	G,G,G,G,G,A,A,A,A,A,A
874	C,C,C,C,C,C,C,T,C,C,C
875	A,A,A,A,A,A,A,G,A,A,A
876	G,G,G,G,G,G,G,G,G,G,G
877	A,A,A,A,A,A,A,A,A,A,A
878	A,A,A,A,A,A,A,A,A,A,A
879	G,G,G,G,T,T,T,T,T,T,G
880	G,G,G,G,G,C,C,C,C,C,G
881	G,G,G,G,G,A,A,A,A,A,G
882	A,A,A,A,A,A,A,A,A,G,A
883	C,C,C,C,C,G,G,C,G,G,C
884	T,T,T,T,T,T,T,T,T,T,T
885	G,G,G,G,G,G,G,C,G,G,G
886	C,C,C,C,C,T,T,T,T,T,T
887	C,C,C,C,C,C,C,C,C,C,G
888	G,G,G,G,T,C,C,C,C,C,G
889	T,T,T,T,T,T,T,T,T,T,T
890	C,C,C,C,C,T,T,C,C,A,C
891	G,G,G,G,G,G,G,A,A,G,G
892	C,C,C,C,T,C,C,C,C,A,C
893	G,G,G,G,C,A,G,A,A,G,T
894	C,C,C,C,C,A,A,A,A,A,C
895	C,C,C,C,C,C,C,C,C,C,C
896	T,T,T,T,T,T,G,T,T,T,T
897	C,C,C,C,C,C,T,C,C,C,C
898	C,C,C,C,C,T,C,C,C,C,C
899	G,G,G,A,G,C,C,C,C,C,G
900	A,A,A,A,A,A,A,A,A,A,A
901	C,C,C,C,A,C,C,C,C,C,C
902	T,T,T,T,T,G,G,G,A,T,T
903	G,G,G,A,G,G,G,G,G,G,G
904	T,T,T,T,T,T,C,T,T,T,T
905	T,T,T,T,T,G,T,G,G,T,C
906	A,A,A,A,A,G,G,G,G,G,A
907	C,C,C,C,T,T,T,T,C,T,T
908	C,C,C,C,T,C,T,C,C,T,C
909	C,C,C,C,C,C,T,C,C,C,C
910	C,C,C,C,T,C,C,C,C,C,C
911	G,G,G,G,G,A,T,A,G,A,G
912	G,G,G,A,G,G,G,G,G,G,G
913	T,T,T,T,T,T,D,T,T,T,T
914	T,T,T,T,T,T,D,T,T,T,T
915	C,C,C,C,C,C,D,C,C,C,C
916	C,C,C,C,C,C,D,C,C,C,C
917	A,A,A,A,A,A,D,A,A,A,A
918	A,A,A,A,A,A,D,A,A,A,A
919	G,G,G,G,G,G,D,G,G,G,G
920	C,C,C,C,C,C,D,C,C,C,C
921	C,C,C,C,C,A,D,A,A,A,C
922	T,T,T,T,T,C,D,C,C,T,T
923	A,A,A,A,A,A,D,A,A,G,A
924	G,G,G,G,G,G,D,G,G,G,G
925	A,A,A,A,A,A,D,A,A,A,G
926	G,G,G,G,G,G,D,G,G,G,G
927	G,G,G,G,G,G,D,C,G,G,C
928	C,C,C,C,C,C,D,T,C,C,C
929	T,T,T,T,T,T,D,T,T,T,T
930	C,C,C,C,T,T,D,C,C,C,C
931	C,C,C,C,T,C,D,C,C,A,C
932	T,T,T,T,T,T,D,T,T,T,T
933	T,T,T,T,T,T,D,T,T,T,T
934	C,C,C,C,T,C,D,C,C,C,C
935	C,C,C,T,T,T,D,T,T,T,T
936	G,G,G,G,G,G,D,G,G,G,G
937	A,A,A,A,A,A,A,A,A,A,A
938	A,A,A,A,A,A,A,A,A,A,A
939	C,C,C,C,C,G,C,G,C,G,C
940	A,A,A,A,A,A,A,A,A,C,A
941	A,A,A,A,A,A,A,A,A,A,A
942	G,G,G,G,G,G,G,G,G,G,G
