POS	VAR
201	C
202	A
203	G,C
204	C,T
205	A,G
206	C,A
207	C
208	T,G
209	G
210	A
211	G
212	C,G,A
213	A
214	A,G,C
215	A
216	G,C
217	C,G
218	C,A
219	A,C
220	T,C
221	G,A
222	T,G,C
223	G,A
224	G
225	T
226	C,G
227	C
228	A,G
229	G
230	G,C
231	A
232	T,G,C
233	T
234	G
235	C
236	T
237	A
238	C
239	C,T
240	A,G
241	T,C,A
242	G,C
243	G,A
244	T,A
245	G,A,T
246	A
247	T
248	G
249	G
250	A,C
251	C
252	A,G
253	G
254	A
255	G
256	T
257	T
258	A
259	T,C
260	C
261	G,A
262	A
263	G
264	G
265	C
266	A,T
267	C,T
268	G,A
269	T,C
270	A,T,C
271	C
272	T
273	C,T
274	C,T
275	A
276	C,T
277	C,T
278	A
279	C
280	T
281	G,A
282	T
283	C,T
284	A
285	C
286	A,T
287	G
288	G
289	A
290	A
291	G
292	G,A
293	A
294	C
295	C,T,A
296	T
297	G
298	C,T
299	C
300	A
301	A,G
302	G,T
303	C
304	T
305	T
306	G
307	G
308	T
309	C
310	A,C,G
311	T
312	C
313	T,C
314	A
315	T
316	G
317	A
318	C,T
319	A
320	C
321	C
322	A
323	C
324	A
325	T,C
326	C,T
327	A,C,G
328	A,G
329	C
330	A
331	T
332	A,C
333	A,G
334	T,G
335	A,C
336	G
337	G,A
338	A
339	C,T
340	C,A
341	A,C
342	C
343	A
344	G,T
345	A,T
346	A
347	A,T
348	A
349	C,T
350	T
351	A
352	C,T
353	C
354	C
355	A
356	A
357	A
358	T
359	G
360	C,G,A
761	T
762	G
763	G
764	C
765	T,C
766	T
767	G
768	A
769	T,C
770	C,A
771	A,G
772	T,A,G
773	G
774	A
775	A
776	C
777	T
778	A
779	C
780	T
781	G
782	C
783	A,C
784	G
785	G,A
786	A
787	A
788	T
789	C
790	C
791	A
792	G
793	A
794	T
795	G,C,T
796	C
797	T,C
798	G
799	T,A,G
800	G,T
801	G,A
802	C,T,A
803	A,T
804	G,C,A
805	C,G,A
806	T,C,A
807	C
808	C
809	T,C
810	T
811	A,G
812	T,G
813	T
814	G
815	T
816	T
817	A,T
818	T,C
819	A
820	C
821	G,A,C
822	A
823	G,C,T
824	G,C
825	G
826	A
827	T,C
828	C
829	C
830	C,G
831	G,A,T
832	G,A
833	T,C
834	G,A
835	T
836	C,G
837	A
838	G
839	G,A
840	T
841	G
842	G
843	G
844	A
845	G
846	T
847	A
848	C
849	T
850	G
851	C
852	A
853	A
854	C,T
855	C
856	T
857	G
858	A
859	C
860	G,A
861	C
862	A,G
863	A
864	T
865	G
866	C,T
867	T,C
868	C,T
869	A,G
870	G
871	A,T
872	C,A,T,G,
873	G,A
874	C,T
875	A,G
876	G
877	A
878	A
879	G,T
880	G,C
881	G,A
882	A,G
883	C,G
884	T
885	G,C
886	C,T
887	C,G
888	G,T,C
889	T
890	C,T,A
891	G,A
892	C,T,A
893	G,C,A,T,
894	C,A
895	C
896	T,G
897	C,T
898	C,T
899	G,A,C
900	A
901	C,A
902	T,G,A
903	G,A
904	T,C
905	T,G,C
906	A,G
907	C,T
908	C,T
909	C,T
910	C,T
911	G,A,T
912	G,A
913	T,D
914	T,D
915	C,D
916	C,D
917	A,D
918	A,D
919	G,D
920	C,D
921	C,A,D
922	T,C,D
923	A,D,G
924	G,D
925	A,D,G
926	G,D
927	G,D,C
928	C,D,T
929	T,D
930	C,T,D
931	C,T,D,A,
932	T,D
933	T,D
934	C,T,D
935	C,T,D
936	G,D
937	A
938	A
939	C,G
940	A,C
941	A
942	G
