581	C,C,C,C,C,C,C,C,C,C,C
582	A,A,A,A,A,A,A,A,A,A,A
583	G,C,C,C,C,C,C,C,C,C,C
584	C,C,C,C,C,T,C,C,C,C,C
585	A,G,G,G,A,G,A,A,A,A,A
586	C,A,A,A,A,A,A,A,A,C,A
587	C,C,C,C,C,C,C,C,C,C,C
588	T,T,T,T,T,T,G,G,T,T,T
589	G,G,G,G,G,G,G,G,G,G,G
590	A,A,A,A,A,A,A,A,A,A,A
591	G,G,G,G,G,G,G,G,G,G,G
592	C,C,C,C,C,G,C,C,A,A,C
593	A,A,A,A,A,A,A,A,A,A,A
594	A,A,G,G,A,A,A,A,C,A,A
595	A,A,A,A,A,A,A,A,A,A,A
596	G,G,G,G,G,C,G,G,G,G,C
597	C,G,G,G,G,C,C,C,C,C,C
598	C,C,C,C,C,C,C,C,A,C,C
599	A,C,C,C,C,C,C,C,C,C,C
600	T,T,T,T,T,C,C,C,T,T,T
601	G,G,G,G,G,G,G,A,G,G,G
602	T,G,G,G,G,G,G,C,G,T,T
603	G,G,G,G,G,G,G,A,G,G,G
604	G,G,G,G,G,G,G,G,G,G,G
605	T,T,T,T,T,T,T,T,T,T,T
606	C,G,G,G,G,G,C,C,C,C,C
607	C,C,C,C,C,C,C,C,C,C,C
608	A,A,A,A,A,A,A,A,A,A,G
609	G,G,G,G,G,G,G,G,G,G,G
610	G,G,G,G,G,G,G,G,G,G,C
611	A,A,A,A,A,A,A,A,A,A,A
612	T,G,G,G,G,C,T,C,C,T,G
613	T,T,T,T,T,T,T,T,T,T,T
614	G,G,G,G,G,G,G,G,G,G,G
615	C,C,C,C,C,C,C,C,C,C,C
616	T,T,T,T,T,T,T,T,T,T,T
617	A,A,A,A,A,A,A,A,A,A,A
618	C,C,C,C,C,C,C,C,C,C,C
619	C,C,C,C,C,T,C,C,C,C,C
620	A,A,A,A,A,A,A,A,G,A,A
621	T,T,C,C,C,C,T,T,A,T,T
622	G,G,G,G,G,C,G,G,G,G,G
623	G,G,G,G,G,A,G,G,G,G,G
624	T,T,T,T,A,T,T,T,T,T,T
625	G,A,A,A,A,T,G,G,G,G,A
626	A,A,A,A,A,A,A,A,A,A,A
627	T,T,T,T,T,T,T,T,T,T,T
628	G,G,G,G,G,G,G,G,G,G,G
629	G,G,G,G,G,G,G,G,G,G,G
630	A,A,A,A,A,A,A,A,A,A,C
631	C,C,C,C,C,C,C,C,C,C,C
632	A,A,A,A,A,A,A,A,A,G,A
633	G,G,G,G,G,G,G,G,G,G,G
634	A,A,A,A,A,A,A,A,A,A,A
635	G,G,G,G,G,G,G,G,G,G,G
636	T,T,T,T,T,T,T,T,T,T,T
637	T,T,T,T,T,T,T,T,T,T,T
638	A,A,A,A,A,A,A,A,A,A,A
639	T,T,T,T,T,C,T,T,T,T,T
640	C,C,C,C,C,C,C,C,C,C,C
641	G,G,G,G,A,G,G,G,G,G,G
642	A,A,A,A,A,A,A,A,A,A,A
643	G,G,G,G,G,G,G,G,G,G,G
644	G,G,G,G,G,G,G,G,G,G,G
645	C,C,C,C,C,C,C,C,C,C,C
646	A,A,A,A,A,A,T,T,A,A,A
647	C,C,C,C,C,C,C,C,C,T,C
648	G,A,A,A,A,A,A,A,A,A,A
649	T,T,T,T,T,T,T,T,C,T,T
650	A,A,A,A,A,A,T,T,T,C,T
651	C,C,C,C,C,C,C,C,C,C,C
652	T,T,T,T,T,T,T,T,T,T,T
653	C,C,C,C,T,C,C,C,C,C,C
654	C,C,C,C,C,C,T,C,C,C,C
655	A,A,A,A,A,A,A,A,A,A,A
656	C,C,C,C,T,C,C,C,C,C,C
657	C,C,C,C,T,C,C,C,C,C,C
658	A,A,A,A,A,A,A,A,A,A,A
659	C,C,C,C,C,C,C,C,C,C,C
660	T,T,T,T,T,T,T,T,T,T,T
661	G,G,G,G,G,G,G,G,A,G,G
662	T,T,T,T,T,T,T,T,T,T,T
663	C,C,C,C,C,C,C,T,C,C,C
664	A,A,A,A,A,A,A,A,A,A,A
665	C,C,C,C,C,C,C,C,C,C,C
666	A,A,T,T,A,A,A,A,A,A,A
667	G,G,G,G,G,G,G,G,G,G,G
668	G,G,G,G,G,G,G,G,G,G,G
669	A,A,A,A,A,A,A,A,A,A,A
670	A,A,A,A,A,A,A,A,A,A,A
671	G,G,G,G,G,G,G,G,G,G,G
672	G,A,A,A,A,A,G,G,A,G,G
673	A,A,A,A,A,A,A,A,A,A,A
674	C,C,C,C,C,C,C,C,C,C,C
675	C,C,C,C,C,T,A,A,A,C,A
676	T,T,T,T,T,T,T,T,T,T,T
677	G,G,G,G,G,G,G,G,G,G,G
678	C,C,C,C,C,C,T,T,T,T,T
679	C,C,C,C,C,C,C,C,C,C,C
680	A,A,A,A,A,A,A,A,A,A,A
681	A,A,A,A,A,A,G,G,G,A,A
682	G,G,G,G,G,G,T,T,T,T,T
683	C,C,C,C,C,C,C,C,C,C,C
684	T,T,T,T,T,T,T,T,T,T,T
685	T,T,T,T,T,T,T,T,T,T,T
686	G,G,G,G,G,G,G,G,G,G,G
687	G,G,G,G,G,G,G,G,G,G,G
688	T,T,T,T,T,T,T,T,T,T,T
689	C,C,C,C,C,C,C,C,C,C,C
690	A,A,A,A,A,A,C,C,G,A,A
691	T,T,T,T,T,T,T,T,T,T,T
692	C,C,C,C,C,C,C,C,C,C,C
693	T,T,T,T,T,T,T,T,T,T,C
694	A,A,A,A,A,A,A,A,A,A,A
695	T,T,T,T,T,T,T,T,T,T,T
696	G,G,G,G,G,G,G,G,G,G,G
697	A,A,A,A,A,A,A,A,A,A,A
698	C,C,C,C,C,C,C,C,C,T,C
699	A,A,A,A,A,A,A,A,A,A,A
700	C,C,C,C,C,C,C,C,C,C,C
701	C,C,C,C,C,C,C,C,C,C,C
702	A,A,A,A,A,A,A,A,A,A,A
703	C,C,C,C,C,C,C,C,C,C,C
704	A,A,A,A,A,A,A,A,A,A,A
705	T,C,C,C,C,C,C,C,T,C,C
706	C,T,T,T,T,C,T,T,T,T,C
707	A,C,C,C,C,A,G,G,G,G,G
708	A,G,G,G,G,G,G,G,G,G,G
709	C,C,C,C,C,C,C,C,C,C,C
710	A,A,A,A,A,A,A,A,A,A,A
711	T,T,T,T,T,T,T,T,T,T,T
712	A,A,A,A,A,A,C,C,C,C,C
713	A,G,G,G,G,G,A,A,G,A,A
714	T,T,T,T,T,T,G,G,G,G,G
715	A,C,C,C,C,C,A,A,A,A,A
716	G,G,G,G,G,G,G,G,G,G,G
717	G,G,G,G,G,G,G,A,G,G,G
718	A,A,A,A,A,A,A,A,A,A,A
719	C,C,C,C,C,C,C,C,T,C,C
720	C,C,C,C,C,C,A,C,C,C,C
721	A,C,C,C,C,C,A,A,C,C,C
722	C,C,C,C,C,C,C,C,C,C,C
723	A,A,A,A,A,A,A,A,A,A,A
724	G,G,G,G,G,G,G,G,T,G,G
725	A,A,A,A,A,A,A,A,T,A,A
726	A,A,A,A,A,A,A,A,A,A,A
727	A,T,T,T,T,A,T,T,T,A,A
728	A,A,A,A,A,A,A,A,A,A,A
729	C,C,C,C,C,C,T,C,C,C,C
730	T,T,T,T,T,T,T,T,T,T,T
731	A,A,A,A,A,A,A,A,A,A,A
732	C,C,C,C,C,C,T,C,T,C,C
733	C,C,C,C,C,C,C,C,C,C,C
734	C,C,C,C,C,C,C,C,C,C,C
735	A,A,A,A,A,A,A,A,A,A,A
736	A,A,A,A,A,A,A,A,A,A,A
737	A,A,A,A,A,A,A,A,A,A,A
738	T,T,T,T,T,T,T,T,T,T,T
739	G,G,G,G,G,G,G,G,G,G,G
740	C,C,C,C,C,C,G,C,C,C,A
4744	T,T,T,T,T,T,T,T,T,T,T
4745	G,G,G,G,G,G,G,G,G,G,G
4746	G,G,G,G,G,G,G,G,G,G,G
4747	C,C,C,C,C,C,C,C,C,C,C
4748	T,T,T,T,T,C,C,C,C,C,C
4749	T,T,T,T,T,T,T,T,T,T,T
4750	G,G,G,G,G,G,G,G,G,G,G
4751	A,A,A,A,A,A,A,A,A,A,A
4752	T,T,T,T,T,C,C,C,C,C,C
4753	C,C,C,C,C,C,C,C,C,C,A
4754	A,A,A,A,A,A,A,A,A,G,A
4755	T,T,T,T,A,G,G,G,G,A,T
4756	G,G,G,G,G,G,G,G,G,G,G
4757	A,A,A,A,A,A,A,A,A,A,A
4758	A,A,A,A,A,A,A,A,A,A,A
4759	C,C,C,C,C,C,C,C,C,C,C
4760	T,T,T,T,T,T,T,T,T,T,T
4761	A,A,A,A,A,A,A,A,A,A,A
4762	C,C,C,C,C,C,C,C,C,C,C
4763	T,T,T,T,T,T,T,T,T,T,T
4764	G,G,G,G,G,G,G,G,G,G,G
4765	C,C,C,C,C,C,C,C,C,C,C
4766	A,A,A,A,C,A,A,A,A,A,A
4767	G,G,G,G,G,G,G,G,G,G,G
4768	G,G,G,G,A,G,G,G,G,G,G
4769	A,A,A,A,A,A,A,A,A,A,A
4770	A,A,A,A,A,A,A,A,A,A,A
4771	T,T,T,T,T,T,T,T,T,T,T
4772	C,C,C,C,C,C,C,C,C,C,C
4773	C,C,C,C,C,C,C,C,C,C,C
4774	A,A,A,A,A,A,A,A,A,A,A
4775	G,G,G,G,G,G,G,G,G,G,G
4776	A,A,A,A,A,A,A,A,A,A,A
4777	T,T,T,T,T,T,T,T,T,T,T
4778	G,G,G,C,C,G,G,G,G,T,G
4779	C,C,C,C,C,C,C,C,C,C,C
4780	T,T,T,T,T,T,T,T,T,T,C
4781	G,G,G,G,G,G,G,G,G,G,G
4782	T,T,T,T,T,A,A,A,A,G,A
4783	G,G,G,G,G,G,G,G,G,G,T
4784	G,G,G,G,G,A,A,A,A,A,A
4785	C,C,C,C,C,T,T,T,T,A,C
4786	A,A,A,A,A,T,T,T,T,A,A
4787	G,G,G,G,G,C,A,C,C,C,G
4788	C,C,C,C,C,G,G,G,G,A,G
4789	T,T,T,C,C,C,T,C,C,A,C
4790	C,C,C,C,C,C,C,C,C,C,C
4791	C,C,C,C,C,C,C,C,C,C,C
4792	T,T,T,T,T,T,T,T,T,C,T
4793	T,T,T,T,T,T,T,T,T,T,T
4794	A,A,A,A,G,G,G,G,G,G,G
4795	T,T,T,T,G,G,G,G,G,G,G
4796	T,T,T,T,T,T,T,T,T,T,T
4797	G,G,G,G,G,G,G,G,G,G,G
4798	T,T,T,T,T,T,T,T,T,T,T
4799	T,T,T,T,T,T,T,T,T,T,T
4800	A,A,A,A,A,A,A,A,A,A,T
4801	T,T,T,T,T,C,T,T,C,C,T
4802	A,A,A,A,A,A,A,A,A,A,A
4803	C,C,C,C,C,C,C,C,C,C,C
4804	G,G,G,G,A,C,C,C,C,A,C
4805	A,A,A,A,A,A,A,A,A,A,A
4806	G,G,G,G,C,T,T,T,T,C,T
4807	G,G,G,G,G,G,G,G,G,C,G
4808	G,G,G,G,G,G,G,G,G,G,G
4809	A,A,A,A,A,A,A,A,A,A,A
4810	T,T,T,T,T,T,T,T,T,T,C
4811	C,C,C,C,C,C,C,C,C,C,C
4812	C,C,C,C,C,C,C,C,C,C,C
4813	C,C,C,C,C,C,C,C,C,G,C
4814	G,G,G,A,A,A,A,A,A,T,A
4815	G,G,G,G,G,G,A,G,G,G,G
4816	T,T,T,T,T,T,T,T,T,T,C
4817	G,G,G,G,G,G,G,G,G,G,A
4818	T,T,T,T,T,T,T,T,T,T,T
4819	C,C,C,C,C,C,C,C,C,G,C
4820	A,A,A,A,A,A,A,A,A,A,A
4821	G,G,G,G,G,G,G,G,G,G,G
4822	G,G,G,G,G,G,A,A,G,G,G
4823	T,T,T,T,T,T,T,T,T,T,T
4824	G,G,G,G,G,G,G,G,G,G,G
4825	G,G,G,G,G,G,G,G,G,G,G
4826	G,G,G,G,G,G,G,G,G,G,G
4827	A,A,A,A,A,A,A,A,A,A,A
4828	G,G,G,G,G,G,G,G,G,G,G
4829	T,T,T,T,T,T,T,T,T,T,T
4830	A,A,A,A,A,A,A,A,A,A,A
4831	C,C,C,C,C,C,C,C,C,C,C
4832	T,T,T,T,T,T,T,T,T,T,T
4833	G,G,G,G,G,G,G,G,G,G,G
4834	C,C,C,C,C,C,C,C,C,C,C
4835	A,A,A,A,A,A,A,A,A,A,A
4836	A,A,A,A,A,A,A,A,A,A,A
4837	C,C,C,C,C,C,C,C,C,T,C
4838	C,C,C,C,C,C,C,C,C,C,C
4839	T,T,T,T,T,T,T,T,T,T,T
4840	G,G,G,G,G,G,G,G,G,G,G
4841	A,A,A,A,A,A,A,A,A,A,A
4842	C,C,C,C,C,C,C,C,C,C,C
4843	G,G,G,A,A,A,A,G,A,A,G
4844	C,C,C,C,C,C,C,C,C,C,C
4845	A,A,A,A,G,A,A,A,G,A,G
4846	A,A,A,A,A,A,A,A,A,A,A
4847	T,T,T,T,T,T,T,T,T,T,T
4848	G,G,G,G,G,G,G,G,G,G,G
4849	C,C,C,C,C,C,T,T,T,C,C
4850	T,T,T,T,T,C,C,C,C,T,T
4851	C,C,C,C,C,T,C,C,C,C,C
4852	A,A,A,A,A,G,A,A,A,A,A
4853	G,G,G,G,G,G,G,G,G,G,G
4854	A,A,A,A,A,T,T,T,T,A,A
4855	C,C,C,A,T,G,G,G,G,A,C
4856	G,G,G,G,G,A,A,A,A,A,A
4857	C,C,C,C,C,C,C,T,C,C,C
4858	A,A,A,A,A,A,A,G,A,A,A
4859	G,G,G,G,G,G,G,G,G,G,G
4860	A,A,A,A,A,A,A,A,A,A,A
4861	A,A,A,A,A,A,A,A,A,A,A
4862	G,G,G,G,T,T,T,T,T,T,G
4863	G,G,G,G,G,C,C,C,C,C,G
4864	G,G,G,G,G,A,A,A,A,A,G
4865	A,A,A,A,A,A,A,A,A,G,A
4866	C,C,C,C,C,G,G,C,G,G,C
4867	T,T,T,T,T,T,T,T,T,T,T
4868	G,G,G,G,G,G,G,C,G,G,G
4869	C,C,C,C,C,T,T,T,T,T,T
4870	C,C,C,C,C,C,C,C,C,C,G
4871	G,G,G,G,T,C,C,C,C,C,G
4872	T,T,T,T,T,T,T,T,T,T,T
4873	C,C,C,C,C,T,T,C,C,A,C
4874	G,G,G,G,G,G,G,A,A,G,G
4875	C,C,C,C,T,C,C,C,C,A,C
4876	G,G,G,G,C,A,G,A,A,G,T
4877	C,C,C,C,C,A,A,A,A,A,C
4878	C,C,C,C,C,C,C,C,C,C,C
4879	T,T,T,T,T,T,G,T,T,T,T
4880	C,C,C,C,C,C,T,C,C,C,C
4881	C,C,C,C,C,T,C,C,C,C,C
4882	G,G,G,A,G,C,C,C,C,C,G
4883	A,A,A,A,A,A,A,A,A,A,A
4884	C,C,C,C,A,C,C,C,C,C,C
4885	T,T,T,T,T,G,G,G,A,T,T
4886	G,G,G,A,G,G,G,G,G,G,G
4887	T,T,T,T,T,T,C,T,T,T,T
4888	T,T,T,T,T,G,T,G,G,T,C
4889	A,A,A,A,A,G,G,G,G,G,A
4890	C,C,C,C,T,T,T,T,C,T,T
4891	C,C,C,C,T,C,T,C,C,T,C
4892	C,C,C,C,C,C,T,C,C,C,C
4893	C,C,C,C,T,C,C,C,C,C,C
4894	G,G,G,G,G,A,T,A,G,A,G
4895	G,G,G,A,G,G,G,G,G,G,G
4896	T,T,T,T,T,T,D,T,T,T,T
4897	T,T,T,T,T,T,D,T,T,T,T
4898	C,C,C,C,C,C,D,C,C,C,C
4899	C,C,C,C,C,C,D,C,C,C,C
4900	A,A,A,A,A,A,D,A,A,A,A
4901	A,A,A,A,A,A,D,A,A,A,A
4902	G,G,G,G,G,G,D,G,G,G,G
4903	C,C,C,C,C,C,D,C,C,C,C
4904	C,C,C,C,C,A,D,A,A,A,C
4905	T,T,T,T,T,C,D,C,C,T,T
4906	A,A,A,A,A,A,D,A,A,G,A
4907	G,G,G,G,G,G,D,G,G,G,G
4908	A,A,A,A,A,A,D,A,A,A,G
4909	G,G,G,G,G,G,D,G,G,G,G
4910	G,G,G,G,G,G,D,C,G,G,C
4911	C,C,C,C,C,C,D,T,C,C,C
4912	T,T,T,T,T,T,D,T,T,T,T
4913	C,C,C,C,T,T,D,C,C,C,C
4914	C,C,C,C,T,C,D,C,C,A,C
4915	T,T,T,T,T,T,D,T,T,T,T
4916	T,T,T,T,T,T,D,T,T,T,T
4917	C,C,C,C,T,C,D,C,C,C,C
4918	C,C,C,T,T,T,D,T,T,T,T
4919	G,G,G,G,G,G,D,G,G,G,G
4920	A,A,A,A,A,A,A,A,A,A,A
4921	A,A,A,A,A,A,A,A,A,A,A
4922	C,C,C,C,C,G,C,G,C,G,C
4923	A,A,A,A,A,A,A,A,A,C,A
4924	A,A,A,A,A,A,A,A,A,A,A
4925	G,G,G,G,G,G,G,G,G,G,G