POS	VAR
581	C
582	A
583	G,C
584	C,T
585	A,G
586	C,A
587	C
588	T,G
589	G
590	A
591	G
592	C,G,A
593	A
594	A,G,C
595	A
596	G,C
597	C,G
598	C,A
599	A,C
600	T,C
601	G,A
602	T,G,C
603	G,A
604	G
605	T
606	C,G
607	C
608	A,G
609	G
610	G,C
611	A
612	T,G,C
613	T
614	G
615	C
616	T
617	A
618	C
619	C,T
620	A,G
621	T,C,A
622	G,C
623	G,A
624	T,A
625	G,A,T
626	A
627	T
628	G
629	G
630	A,C
631	C
632	A,G
633	G
634	A
635	G
636	T
637	T
638	A
639	T,C
640	C
641	G,A
642	A
643	G
644	G
645	C
646	A,T
647	C,T
648	G,A
649	T,C
650	A,T,C
651	C
652	T
653	C,T
654	C,T
655	A
656	C,T
657	C,T
658	A
659	C
660	T
661	G,A
662	T
663	C,T
664	A
665	C
666	A,T
667	G
668	G
669	A
670	A
671	G
672	G,A
673	A
674	C
675	C,T,A
676	T
677	G
678	C,T
679	C
680	A
681	A,G
682	G,T
683	C
684	T
685	T
686	G
687	G
688	T
689	C
690	A,C,G
691	T
692	C
693	T,C
694	A
695	T
696	G
697	A
698	C,T
699	A
700	C
701	C
702	A
703	C
704	A
705	T,C
706	C,T
707	A,C,G
708	A,G
709	C
710	A
711	T
712	A,C
713	A,G
714	T,G
715	A,C
716	G
717	G,A
718	A
719	C,T
720	C,A
721	A,C
722	C
723	A
724	G,T
725	A,T
726	A
727	A,T
728	A
729	C,T
730	T
731	A
732	C,T
733	C
734	C
735	A
736	A
737	A
738	T
739	G
740	C,G,A
4744	T
4745	G
4746	G
4747	C
4748	T,C
4749	T
4750	G
4751	A
4752	T,C
4753	C,A
4754	A,G
4755	T,A,G
4756	G
4757	A
4758	A
4759	C
4760	T
4761	A
4762	C
4763	T
4764	G
4765	C
4766	A,C
4767	G
4768	G,A
4769	A
4770	A
4771	T
4772	C
4773	C
4774	A
4775	G
4776	A
4777	T
4778	G,C,T
4779	C
4780	T,C
4781	G
4782	T,A,G
4783	G,T
4784	G,A
4785	C,T,A
4786	A,T
4787	G,C,A
4788	C,G,A
4789	T,C,A
4790	C
4791	C
4792	T,C
4793	T
4794	A,G
4795	T,G
4796	T
4797	G
4798	T
4799	T
4800	A,T
4801	T,C
4802	A
4803	C
4804	G,A,C
4805	A
4806	G,C,T
4807	G,C
4808	G
4809	A
4810	T,C
4811	C
4812	C
4813	C,G
4814	G,A,T
4815	G,A
4816	T,C
4817	G,A
4818	T
4819	C,G
4820	A
4821	G
4822	G,A
4823	T
4824	G
4825	G
4826	G
4827	A
4828	G
4829	T
4830	A
4831	C
4832	T
4833	G
4834	C
4835	A
4836	A
4837	C,T
4838	C
4839	T
4840	G
4841	A
4842	C
4843	G,A
4844	C
4845	A,G
4846	A
4847	T
4848	G
4849	C,T
4850	T,C
4851	C,T
4852	A,G
4853	G
4854	A,T
4855	C,A,T,G,
4856	G,A
4857	C,T
4858	A,G
4859	G
4860	A
4861	A
4862	G,T
4863	G,C
4864	G,A
4865	A,G
4866	C,G
4867	T
4868	G,C
4869	C,T
4870	C,G
4871	G,T,C
4872	T
4873	C,T,A
4874	G,A
4875	C,T,A
4876	G,C,A,T,
4877	C,A
4878	C
4879	T,G
4880	C,T
4881	C,T
4882	G,A,C
4883	A
4884	C,A
4885	T,G,A
4886	G,A
4887	T,C
4888	T,G,C
4889	A,G
4890	C,T
4891	C,T
4892	C,T
4893	C,T
4894	G,A,T
4895	G,A
4896	T,D
4897	T,D
4898	C,D
4899	C,D
4900	A,D
4901	A,D
4902	G,D
4903	C,D
4904	C,A,D
4905	T,C,D
4906	A,D,G
4907	G,D
4908	A,D,G
4909	G,D
4910	G,D,C
4911	C,D,T
4912	T,D
4913	C,T,D
4914	C,T,D,A,
4915	T,D
4916	T,D
4917	C,T,D
4918	C,T,D
4919	G,D
4920	A
4921	A
4922	C,G
4923	A,C
4924	A
4925	G